Category: 📺央视频道, Name: CCTV-1, Total: 1, Valid: 0, Valid Percent: 0.00%, Whitelist: 0, IPv4: 1, IPv6: 0, Min Delay: -1 ms, Max Speed: 0.00 M/s, Avg Speed: 0.00 M/s, Max Resolution: 1280x720
Category: 📺央视频道, Name: CCTV-2, Total: 14, Valid: 14, Valid Percent: 100.00%, Whitelist: 0, IPv4: 14, IPv6: 0, Min Delay: 41 ms, Max Speed: 127.33 M/s, Avg Speed: 38.06 M/s, Max Resolution: 1920x1080
Category: 📺央视频道, Name: CCTV-3, Total: 18, Valid: 18, Valid Percent: 100.00%, Whitelist: 0, IPv4: 18, IPv6: 0, Min Delay: 41 ms, Max Speed: 127.33 M/s, Avg Speed: 42.74 M/s, Max Resolution: 1920x1080
Category: 📺央视频道, Name: CCTV-4, Total: 25, Valid: 25, Valid Percent: 100.00%, Whitelist: 0, IPv4: 23, IPv6: 2, Min Delay: 41 ms, Max Speed: 127.33 M/s, Avg Speed: 36.74 M/s, Max Resolution: 1920x1080
Category: 📺央视频道, Name: CCTV-5, Total: 29, Valid: 29, Valid Percent: 100.00%, Whitelist: 0, IPv4: 29, IPv6: 0, Min Delay: 41 ms, Max Speed: 127.33 M/s, Avg Speed: 22.91 M/s, Max Resolution: 1920x1080
Category: 📺央视频道, Name: CCTV-5+, Total: 8, Valid: 8, Valid Percent: 100.00%, Whitelist: 0, IPv4: 8, IPv6: 0, Min Delay: 287 ms, Max Speed: 5.21 M/s, Avg Speed: 1.09 M/s, Max Resolution: 1920x1080
Category: 📺央视频道, Name: CCTV-6, Total: 23, Valid: 23, Valid Percent: 100.00%, Whitelist: 0, IPv4: 23, IPv6: 0, Min Delay: 41 ms, Max Speed: 127.33 M/s, Avg Speed: 39.44 M/s, Max Resolution: 1920x1080
Category: 📺央视频道, Name: CCTV-7, Total: 24, Valid: 24, Valid Percent: 100.00%, Whitelist: 0, IPv4: 24, IPv6: 0, Min Delay: 41 ms, Max Speed: 127.33 M/s, Avg Speed: 37.89 M/s, Max Resolution: 1920x1080
Category: 📺央视频道, Name: CCTV-8, Total: 25, Valid: 25, Valid Percent: 100.00%, Whitelist: 0, IPv4: 25, IPv6: 0, Min Delay: 41 ms, Max Speed: 127.33 M/s, Avg Speed: 31.44 M/s, Max Resolution: 1920x1080
Category: 📺央视频道, Name: CCTV-9, Total: 20, Valid: 20, Valid Percent: 100.00%, Whitelist: 0, IPv4: 20, IPv6: 0, Min Delay: 41 ms, Max Speed: 127.33 M/s, Avg Speed: 45.36 M/s, Max Resolution: 1920x1080
Category: 📺央视频道, Name: CCTV-10, Total: 27, Valid: 27, Valid Percent: 100.00%, Whitelist: 0, IPv4: 27, IPv6: 0, Min Delay: 41 ms, Max Speed: 127.33 M/s, Avg Speed: 33.53 M/s, Max Resolution: 1920x1080
Category: 📺央视频道, Name: CCTV-11, Total: 22, Valid: 22, Valid Percent: 100.00%, Whitelist: 0, IPv4: 22, IPv6: 0, Min Delay: 41 ms, Max Speed: 127.33 M/s, Avg Speed: 35.47 M/s, Max Resolution: 1920x1080
Category: 📺央视频道, Name: CCTV-12, Total: 21, Valid: 21, Valid Percent: 100.00%, Whitelist: 0, IPv4: 21, IPv6: 0, Min Delay: 41 ms, Max Speed: 127.33 M/s, Avg Speed: 43.20 M/s, Max Resolution: 1920x1080
Category: 📺央视频道, Name: CCTV-13, Total: 27, Valid: 27, Valid Percent: 100.00%, Whitelist: 0, IPv4: 23, IPv6: 4, Min Delay: 41 ms, Max Speed: 127.33 M/s, Avg Speed: 33.58 M/s, Max Resolution: 1920x1080
Category: 📺央视频道, Name: CCTV-14, Total: 26, Valid: 26, Valid Percent: 100.00%, Whitelist: 0, IPv4: 24, IPv6: 2, Min Delay: 41 ms, Max Speed: 127.33 M/s, Avg Speed: 35.02 M/s, Max Resolution: 1920x1080
Category: 📺央视频道, Name: CCTV-15, Total: 24, Valid: 24, Valid Percent: 100.00%, Whitelist: 0, IPv4: 24, IPv6: 0, Min Delay: 41 ms, Max Speed: 127.33 M/s, Avg Speed: 37.85 M/s, Max Resolution: 1920x1080
Category: 📺央视频道, Name: CCTV-16, Total: 20, Valid: 20, Valid Percent: 100.00%, Whitelist: 0, IPv4: 20, IPv6: 0, Min Delay: 41 ms, Max Speed: 127.33 M/s, Avg Speed: 26.48 M/s, Max Resolution: 1920x1080
Category: 📺央视频道, Name: CCTV-17, Total: 23, Valid: 23, Valid Percent: 100.00%, Whitelist: 0, IPv4: 23, IPv6: 0, Min Delay: 41 ms, Max Speed: 127.33 M/s, Avg Speed: 39.50 M/s, Max Resolution: 1920x1080
Category: 📡卫视频道, Name: 广东卫视, Total: 17, Valid: 17, Valid Percent: 100.00%, Whitelist: 0, IPv4: 17, IPv6: 0, Min Delay: 41 ms, Max Speed: 196.61 M/s, Avg Speed: 68.89 M/s, Max Resolution: 1920x1080
Category: 📡卫视频道, Name: 浙江卫视, Total: 18, Valid: 18, Valid Percent: 100.00%, Whitelist: 0, IPv4: 16, IPv6: 2, Min Delay: 41 ms, Max Speed: 127.33 M/s, Avg Speed: 43.03 M/s, Max Resolution: 1920x1080
Category: 📡卫视频道, Name: 湖南卫视, Total: 24, Valid: 24, Valid Percent: 100.00%, Whitelist: 0, IPv4: 24, IPv6: 0, Min Delay: 6 ms, Max Speed: 196.61 M/s, Avg Speed: 42.08 M/s, Max Resolution: 3840x2160
Category: 📡卫视频道, Name: 北京卫视, Total: 20, Valid: 20, Valid Percent: 100.00%, Whitelist: 0, IPv4: 20, IPv6: 0, Min Delay: 6 ms, Max Speed: 127.33 M/s, Avg Speed: 46.12 M/s, Max Resolution: 1920x1080
Category: 📡卫视频道, Name: 湖北卫视, Total: 17, Valid: 17, Valid Percent: 100.00%, Whitelist: 0, IPv4: 17, IPv6: 0, Min Delay: 6 ms, Max Speed: 127.33 M/s, Avg Speed: 53.92 M/s, Max Resolution: 1920x1080
Category: 📡卫视频道, Name: 黑龙江卫视, Total: 16, Valid: 16, Valid Percent: 100.00%, Whitelist: 0, IPv4: 16, IPv6: 0, Min Delay: 6 ms, Max Speed: 127.33 M/s, Avg Speed: 57.31 M/s, Max Resolution: 1920x1080
Category: 📡卫视频道, Name: 安徽卫视, Total: 15, Valid: 15, Valid Percent: 100.00%, Whitelist: 0, IPv4: 15, IPv6: 0, Min Delay: 41 ms, Max Speed: 127.33 M/s, Avg Speed: 43.40 M/s, Max Resolution: 1920x1080
Category: 📡卫视频道, Name: 重庆卫视, Total: 19, Valid: 19, Valid Percent: 100.00%, Whitelist: 0, IPv4: 19, IPv6: 0, Min Delay: 6 ms, Max Speed: 127.33 M/s, Avg Speed: 54.96 M/s, Max Resolution: 1920x1080
Category: 📡卫视频道, Name: 东方卫视, Total: 19, Valid: 19, Valid Percent: 100.00%, Whitelist: 0, IPv4: 19, IPv6: 0, Min Delay: 41 ms, Max Speed: 196.61 M/s, Avg Speed: 58.06 M/s, Max Resolution: 1920x1080
Category: 📡卫视频道, Name: 东南卫视, Total: 18, Valid: 18, Valid Percent: 100.00%, Whitelist: 0, IPv4: 16, IPv6: 2, Min Delay: 41 ms, Max Speed: 127.33 M/s, Avg Speed: 64.18 M/s, Max Resolution: 1920x1080
Category: 📡卫视频道, Name: 甘肃卫视, Total: 12, Valid: 12, Valid Percent: 100.00%, Whitelist: 0, IPv4: 11, IPv6: 1, Min Delay: 41 ms, Max Speed: 127.33 M/s, Avg Speed: 74.92 M/s, Max Resolution: 1920x1080
Category: 📡卫视频道, Name: 广西卫视, Total: 20, Valid: 19, Valid Percent: 95.00%, Whitelist: 0, IPv4: 18, IPv6: 2, Min Delay: 41 ms, Max Speed: 127.33 M/s, Avg Speed: 60.97 M/s, Max Resolution: 1920x1080
Category: 📡卫视频道, Name: 贵州卫视, Total: 20, Valid: 20, Valid Percent: 100.00%, Whitelist: 0, IPv4: 20, IPv6: 0, Min Delay: 41 ms, Max Speed: 127.33 M/s, Avg Speed: 64.13 M/s, Max Resolution: 1920x1080
Category: 📡卫视频道, Name: 海南卫视, Total: 13, Valid: 13, Valid Percent: 100.00%, Whitelist: 0, IPv4: 13, IPv6: 0, Min Delay: 6 ms, Max Speed: 127.33 M/s, Avg Speed: 69.99 M/s, Max Resolution: 1920x1080
Category: 📡卫视频道, Name: 河北卫视, Total: 20, Valid: 20, Valid Percent: 100.00%, Whitelist: 0, IPv4: 20, IPv6: 0, Min Delay: 6 ms, Max Speed: 127.33 M/s, Avg Speed: 58.60 M/s, Max Resolution: 1920x1080
Category: 📡卫视频道, Name: 河南卫视, Total: 22, Valid: 22, Valid Percent: 100.00%, Whitelist: 0, IPv4: 22, IPv6: 0, Min Delay: 41 ms, Max Speed: 127.33 M/s, Avg Speed: 58.52 M/s, Max Resolution: 1920x1080
Category: 📡卫视频道, Name: 吉林卫视, Total: 15, Valid: 15, Valid Percent: 100.00%, Whitelist: 0, IPv4: 15, IPv6: 0, Min Delay: 41 ms, Max Speed: 127.33 M/s, Avg Speed: 51.56 M/s, Max Resolution: 1920x1080
Category: 📡卫视频道, Name: 江苏卫视, Total: 24, Valid: 24, Valid Percent: 100.00%, Whitelist: 0, IPv4: 24, IPv6: 0, Min Delay: 41 ms, Max Speed: 196.61 M/s, Avg Speed: 46.08 M/s, Max Resolution: 1920x1080
Category: 📡卫视频道, Name: 江西卫视, Total: 18, Valid: 18, Valid Percent: 100.00%, Whitelist: 0, IPv4: 18, IPv6: 0, Min Delay: 6 ms, Max Speed: 127.33 M/s, Avg Speed: 50.91 M/s, Max Resolution: 1920x1080
Category: 📡卫视频道, Name: 辽宁卫视, Total: 19, Valid: 19, Valid Percent: 100.00%, Whitelist: 0, IPv4: 19, IPv6: 0, Min Delay: 41 ms, Max Speed: 127.33 M/s, Avg Speed: 47.41 M/s, Max Resolution: 1920x1080
Category: 📡卫视频道, Name: 内蒙古卫视, Total: 19, Valid: 19, Valid Percent: 100.00%, Whitelist: 0, IPv4: 17, IPv6: 2, Min Delay: 6 ms, Max Speed: 127.33 M/s, Avg Speed: 34.93 M/s, Max Resolution: 1920x1080
Category: 📡卫视频道, Name: 宁夏卫视, Total: 16, Valid: 16, Valid Percent: 100.00%, Whitelist: 0, IPv4: 16, IPv6: 0, Min Delay: 41 ms, Max Speed: 127.33 M/s, Avg Speed: 48.66 M/s, Max Resolution: 1920x1080
Category: 📡卫视频道, Name: 青海卫视, Total: 20, Valid: 20, Valid Percent: 100.00%, Whitelist: 0, IPv4: 18, IPv6: 2, Min Delay: 6 ms, Max Speed: 127.33 M/s, Avg Speed: 52.24 M/s, Max Resolution: 1920x1080
Category: 📡卫视频道, Name: 山东卫视, Total: 19, Valid: 19, Valid Percent: 100.00%, Whitelist: 0, IPv4: 19, IPv6: 0, Min Delay: 41 ms, Max Speed: 127.33 M/s, Avg Speed: 40.81 M/s, Max Resolution: 1920x1080
Category: 📡卫视频道, Name: 山西卫视, Total: 12, Valid: 12, Valid Percent: 100.00%, Whitelist: 0, IPv4: 12, IPv6: 0, Min Delay: 6 ms, Max Speed: 127.33 M/s, Avg Speed: 55.05 M/s, Max Resolution: 1920x1080
Category: 📡卫视频道, Name: 陕西卫视, Total: 15, Valid: 15, Valid Percent: 100.00%, Whitelist: 0, IPv4: 15, IPv6: 0, Min Delay: 6 ms, Max Speed: 127.33 M/s, Avg Speed: 44.13 M/s, Max Resolution: 1920x1080
Category: 📡卫视频道, Name: 四川卫视, Total: 22, Valid: 22, Valid Percent: 100.00%, Whitelist: 0, IPv4: 22, IPv6: 0, Min Delay: 6 ms, Max Speed: 127.33 M/s, Avg Speed: 59.06 M/s, Max Resolution: 1920x1080
Category: 📡卫视频道, Name: 深圳卫视, Total: 20, Valid: 20, Valid Percent: 100.00%, Whitelist: 0, IPv4: 20, IPv6: 0, Min Delay: 41 ms, Max Speed: 127.33 M/s, Avg Speed: 45.34 M/s, Max Resolution: 1920x1080
Category: 📡卫视频道, Name: 三沙卫视, Total: 12, Valid: 12, Valid Percent: 100.00%, Whitelist: 0, IPv4: 12, IPv6: 0, Min Delay: 41 ms, Max Speed: 127.33 M/s, Avg Speed: 64.20 M/s, Max Resolution: 1920x1080
Category: 📡卫视频道, Name: 天津卫视, Total: 18, Valid: 18, Valid Percent: 100.00%, Whitelist: 0, IPv4: 18, IPv6: 0, Min Delay: 41 ms, Max Speed: 127.33 M/s, Avg Speed: 43.02 M/s, Max Resolution: 1920x1080
Category: 📡卫视频道, Name: 西藏卫视, Total: 19, Valid: 19, Valid Percent: 100.00%, Whitelist: 0, IPv4: 16, IPv6: 3, Min Delay: 6 ms, Max Speed: 127.33 M/s, Avg Speed: 34.94 M/s, Max Resolution: 1920x1080
Category: 📡卫视频道, Name: 新疆卫视, Total: 20, Valid: 20, Valid Percent: 100.00%, Whitelist: 0, IPv4: 19, IPv6: 1, Min Delay: 6 ms, Max Speed: 127.33 M/s, Avg Speed: 39.52 M/s, Max Resolution: 1920x1080
Category: 📡卫视频道, Name: 云南卫视, Total: 21, Valid: 21, Valid Percent: 100.00%, Whitelist: 0, IPv4: 20, IPv6: 1, Min Delay: 41 ms, Max Speed: 127.33 M/s, Avg Speed: 55.07 M/s, Max Resolution: 1920x1080
